<html>
<body>
<pre>
<h1>µVision Build Log</h1>
<h2>Tool Versions:</h2>
IDE-Version: µVision V5.29.0.0
Copyright (C) 2019 ARM Ltd and ARM Germany GmbH. All rights reserved.
License Information: Evgen Kabrinovich, 123, LIC=----
 
Tool Versions:
Toolchain:       MDK-Lite  Version: 5.29.0.0
Toolchain Path:  C:\Keil_v5\ARM\ARMCC\Bin
C Compiler:      Armcc.exe V5.06 update 6 (build 750)
Assembler:       Armasm.exe V5.06 update 6 (build 750)
Linker/Locator:  ArmLink.exe V5.06 update 6 (build 750)
Library Manager: ArmAr.exe V5.06 update 6 (build 750)
Hex Converter:   FromElf.exe V5.06 update 6 (build 750)
CPU DLL:         SARMCM3.DLL V5.29.0.0
Dialog DLL:      DCM.DLL V1.17.3.0
Target DLL:      STLink\ST-LINKIII-KEIL_SWO.dll V2.0.18.0
Dialog DLL:      TCM.DLL V1.36.5.0
 
<h2>Project:</h2>
D:\GitHub\STM32\spi_master\spi.uvprojx
Project File Date:  04/07/2020

<h2>Output:</h2>
*** Using Compiler 'V5.06 update 6 (build 750)', folder: 'C:\Keil_v5\ARM\ARMCC\Bin'
*** Note: Rebuilding project, since 'Options->Output->Create Batch File' is selected.
Rebuild target 'Target 1'
compiling main.c...
src\button.h(26): warning:  #1295-D: Deprecated declaration InitStructDef - give arg types
        void InitStructDef();
src\button.h(27): warning:  #1295-D: Deprecated declaration EventForButton - give arg types
        int EventForButton();
src\button.h(28): warning:  #1295-D: Deprecated declaration InitButtonUSER - give arg types
        void InitButtonUSER();
src\button.h(30): warning:  #1-D: last line of file ends without a newline
  #endif
src\spi.h(10): warning:  #1295-D: Deprecated declaration InitSPI1 - give arg types
        void InitSPI1();
src\spi.h(11): warning:  #1295-D: Deprecated declaration InitSPI2 - give arg types
        void InitSPI2();
src\spi.h(12): warning:  #1295-D: Deprecated declaration InitGpioSpi1 - give arg types
        void InitGpioSpi1();
src\spi.h(13): warning:  #1295-D: Deprecated declaration InitGpioSpi2 - give arg types
        void InitGpioSpi2();
src\tim.h(6): warning:  #1295-D: Deprecated declaration InitTim3 - give arg types
        void InitTim3();
src\tim.h(7): warning:  #1295-D: Deprecated declaration InitTim2 - give arg types
        void InitTim2();
src\main.c: 10 warnings, 0 errors
compiling gpio.c...
compiling spi.c...
src\spi.h(10): warning:  #1295-D: Deprecated declaration InitSPI1 - give arg types
        void InitSPI1();
src\spi.h(11): warning:  #1295-D: Deprecated declaration InitSPI2 - give arg types
        void InitSPI2();
src\spi.h(12): warning:  #1295-D: Deprecated declaration InitGpioSpi1 - give arg types
        void InitGpioSpi1();
src\spi.h(13): warning:  #1295-D: Deprecated declaration InitGpioSpi2 - give arg types
        void InitGpioSpi2();
src\spi.c: 4 warnings, 0 errors
compiling tim.c...
src\tim.h(6): warning:  #1295-D: Deprecated declaration InitTim3 - give arg types
        void InitTim3();
src\tim.h(7): warning:  #1295-D: Deprecated declaration InitTim2 - give arg types
        void InitTim2();
src\button.h(26): warning:  #1295-D: Deprecated declaration InitStructDef - give arg types
        void InitStructDef();
src\button.h(27): warning:  #1295-D: Deprecated declaration EventForButton - give arg types
        int EventForButton();
src\button.h(28): warning:  #1295-D: Deprecated declaration InitButtonUSER - give arg types
        void InitButtonUSER();
src\button.h(30): warning:  #1-D: last line of file ends without a newline
  #endif
src\tim.c: 6 warnings, 0 errors
compiling button.c...
src\button.h(26): warning:  #1295-D: Deprecated declaration InitStructDef - give arg types
        void InitStructDef();
src\button.h(27): warning:  #1295-D: Deprecated declaration EventForButton - give arg types
        int EventForButton();
src\button.h(28): warning:  #1295-D: Deprecated declaration InitButtonUSER - give arg types
        void InitButtonUSER();
src\button.h(30): warning:  #1-D: last line of file ends without a newline
  #endif
src\button.c: 4 warnings, 0 errors
compiling global.c...
compiling misc.c...
linking...
Program Size: Code=2910 RO-data=450 RW-data=52 ZI-data=1700  

<h2>Software Packages used:</h2>

Package Vendor: ARM
                http://www.keil.com/pack/ARM.CMSIS.5.6.0.pack
                ARM.CMSIS.5.6.0
                CMSIS (Cortex Microcontroller Software Interface Standard)
   * Component: CORE Version: 5.3.0

Package Vendor: Keil
                http://www.keil.com/pack/Keil.STM32F4xx_DFP.2.14.0.pack
                Keil.STM32F4xx_DFP.2.14.0
                STMicroelectronics STM32F4 Series Device Support, Drivers and Examples
   * Component: Startup Version: 2.6.3

<h2>Collection of Component include folders:</h2>
  .\RTE\_Target_1
  C:\Users\Evgeni\AppData\Local\Arm\Packs\ARM\CMSIS\5.6.0\CMSIS\Core\Include
  C:\Users\Evgeni\AppData\Local\Arm\Packs\Keil\STM32F4xx_DFP\2.14.0\Drivers\CMSIS\Device\ST\STM32F4xx\Include

<h2>Collection of Component Files used:</h2>

   * Component: ARM::CMSIS:CORE:5.3.0

   * Component: Keil::Device:Startup:2.6.3
      Source file:   MDK\Device\Source\ARM\STM32F40xxx_41xxx_OPT.s
      Source file:   MDK\Device\Source\ARM\STM32F4xx_OTP.s
      Include file:  Drivers\CMSIS\Device\ST\STM32F4xx\Include\stm32f4xx.h
      Source file:   Drivers\CMSIS\Device\ST\STM32F4xx\Source\Templates\arm\startup_stm32f415xx.s
      Source file:   Drivers\CMSIS\Device\ST\STM32F4xx\Source\Templates\system_stm32f4xx.c
Project build/rebuild aborted.
Build Time Elapsed:  00:00:04
</pre>
</body>
</html>
